Script started on Fri Feb 21 11:46:18 2014
[?1034hbash-3.2$ g++ isPerfect.cpp isPerfectDriver.cpp -o isPerfectExec2
bash-3.2$ ./isPerfectExec23[K
Enter the upper bound number: 
100
The array contains...
         0         6
         1        28
bash-3.2$ 
bash-3.2$ 
bash-3.2$ ./isPerfectExec2
Enter the upper bound number: 
9000
The array contains...
         0         6
         1        28
         2       496
         3      8128
bash-3.2$ ./isPerfectExec2
Enter the upper bound number: 
-9000
The input was not a positive integer. Please try again.
bash-3.2$ ./isPerfectExec2
Enter the upper bound number: 
b
The input was not a positive integer. Please try again.
bash-3.2$ end
bash: end: command not found
bash-3.2$ exit
exit

Script done on Fri Feb 21 11:48:16 2014
